---
source: tui/src/render/baseline_tests.rs
expression: snapshot
---
viewport=200x50 logical_columns=436 desired_height=1
paint=Line Renderable; implicit clipping, no wrap or horizontal scroll

"src/nested-directory/nested-directory/nested-directory/nested-directory/nested-directory/nested-directory/nested-directory/nested-directory/nested-directory/nested-directory/nested-directory/nested-di"
"                                                                                                                                                                                                        "
"                                                                                                                                                                                                        "
"                                                                                                                                                                                                        "
"                                                                                                                                                                                                        "
"                                                                                                                                                                                                        "
"                                                                                                                                                                                                        "
"                                                                                                                                                                                                        "
"                                                                                                                                                                                                        "
"                                                                                                                                                                                                        "
"                                                                                                                                                                                                        "
"                                                                                                                                                                                                        "
"                                                                                                                                                                                                        "
"                                                                                                                                                                                                        "
"                                                                                                                                                                                                        "
"                                                                                                                                                                                                        "
"                                                                                                                                                                                                        "
"                                                                                                                                                                                                        "
"                                                                                                                                                                                                        "
"                                                                                                                                                                                                        "
"                                                                                                                                                                                                        "
"                                                                                                                                                                                                        "
"                                                                                                                                                                                                        "
"                                                                                                                                                                                                        "
"                                                                                                                                                                                                        "
"                                                                                                                                                                                                        "
"                                                                                                                                                                                                        "
"                                                                                                                                                                                                        "
"                                                                                                                                                                                                        "
"                                                                                                                                                                                                        "
"                                                                                                                                                                                                        "
"                                                                                                                                                                                                        "
"                                                                                                                                                                                                        "
"                                                                                                                                                                                                        "
"                                                                                                                                                                                                        "
"                                                                                                                                                                                                        "
"                                                                                                                                                                                                        "
"                                                                                                                                                                                                        "
"                                                                                                                                                                                                        "
"                                                                                                                                                                                                        "
"                                                                                                                                                                                                        "
"                                                                                                                                                                                                        "
"                                                                                                                                                                                                        "
"                                                                                                                                                                                                        "
"                                                                                                                                                                                                        "
"                                                                                                                                                                                                        "
"                                                                                                                                                                                                        "
"                                                                                                                                                                                                        "
"                                                                                                                                                                                                        "
"                                                                                                                                                                                                        "
