---
source: tui/src/render/baseline_tests.rs
expression: diagnostics
---
scenario=large_command_output viewport=120x40
source_bytes=806000 source_lines=2000 source_tabs=0
logical_lines=11 max_logical_columns=392 logical_tabs=0
logical_lines_wider_than_viewport=10 first_8_line_number_and_width=[(1, 392), (2, 392), (3, 392), (4, 392), (5, 392), (7, 392), (8, 392), (9, 392)]
measured_wrapped_rows=41 rows_below_viewport=1
paint=HyperlinkParagraph wrap(trim=false), top viewport, no horizontal scroll
layout=existing output_lines; omitted_source_lines=Some(1990); not the live-output byte-cap path

"  └ 0000 OK command-output-segment command-output-segment command-output-segment command-output-segment                 "
"command-output-segment command-output-segment command-output-segment command-output-segment command-output-segment      "
"command-output-segment command-output-segment command-output-segment command-output-segment command-output-segment      "
"command-output-segment command-output-segment  日本語 café                                                              " Hidden by multi-width symbols: [(48, " "), (50, " "), (52, " ")]
"    0001 OK command-output-segment command-output-segment command-output-segment command-output-segment                 "
"command-output-segment command-output-segment command-output-segment command-output-segment command-output-segment      "
"command-output-segment command-output-segment command-output-segment command-output-segment command-output-segment      "
"command-output-segment command-output-segment  日本語 café                                                              " Hidden by multi-width symbols: [(48, " "), (50, " "), (52, " ")]
"    0002 OK command-output-segment command-output-segment command-output-segment command-output-segment                 "
"command-output-segment command-output-segment command-output-segment command-output-segment command-output-segment      "
"command-output-segment command-output-segment command-output-segment command-output-segment command-output-segment      "
"command-output-segment command-output-segment  日本語 café                                                              " Hidden by multi-width symbols: [(48, " "), (50, " "), (52, " ")]
"    0003 OK command-output-segment command-output-segment command-output-segment command-output-segment                 "
"command-output-segment command-output-segment command-output-segment command-output-segment command-output-segment      "
"command-output-segment command-output-segment command-output-segment command-output-segment command-output-segment      "
"command-output-segment command-output-segment  日本語 café                                                              " Hidden by multi-width symbols: [(48, " "), (50, " "), (52, " ")]
"    0004 OK command-output-segment command-output-segment command-output-segment command-output-segment                 "
"command-output-segment command-output-segment command-output-segment command-output-segment command-output-segment      "
"command-output-segment command-output-segment command-output-segment command-output-segment command-output-segment      "
"command-output-segment command-output-segment  日本語 café                                                              " Hidden by multi-width symbols: [(48, " "), (50, " "), (52, " ")]
"… +1990 lines (ctrl + t to view transcript)                                                                             "
"    1995 OK command-output-segment command-output-segment command-output-segment command-output-segment                 "
"command-output-segment command-output-segment command-output-segment command-output-segment command-output-segment      "
"command-output-segment command-output-segment command-output-segment command-output-segment command-output-segment      "
"command-output-segment command-output-segment  日本語 café                                                              " Hidden by multi-width symbols: [(48, " "), (50, " "), (52, " ")]
"    1996 OK command-output-segment command-output-segment command-output-segment command-output-segment                 "
"command-output-segment command-output-segment command-output-segment command-output-segment command-output-segment      "
"command-output-segment command-output-segment command-output-segment command-output-segment command-output-segment      "
"command-output-segment command-output-segment  日本語 café                                                              " Hidden by multi-width symbols: [(48, " "), (50, " "), (52, " ")]
"    1997 OK command-output-segment command-output-segment command-output-segment command-output-segment                 "
"command-output-segment command-output-segment command-output-segment command-output-segment command-output-segment      "
"command-output-segment command-output-segment command-output-segment command-output-segment command-output-segment      "
"command-output-segment command-output-segment  日本語 café                                                              " Hidden by multi-width symbols: [(48, " "), (50, " "), (52, " ")]
"    1998 OK command-output-segment command-output-segment command-output-segment command-output-segment                 "
"command-output-segment command-output-segment command-output-segment command-output-segment command-output-segment      "
"command-output-segment command-output-segment command-output-segment command-output-segment command-output-segment      "
"command-output-segment command-output-segment  日本語 café                                                              " Hidden by multi-width symbols: [(48, " "), (50, " "), (52, " ")]
"    1999 OK command-output-segment command-output-segment command-output-segment command-output-segment                 "
"command-output-segment command-output-segment command-output-segment command-output-segment command-output-segment      "
"command-output-segment command-output-segment command-output-segment command-output-segment command-output-segment      "
